This is pdfTeX, Version 3.141592653-2.6-1.40.26 (TeX Live 2024 - Flatpak) (preloaded format=pdflatex 2024.9.10)  4 OCT 2024 13:12
entering extended mode
 restricted \write18 enabled.
 %&-line parsing enabled.
**exercises.tex
(./exercises.tex
LaTeX2e <2023-11-01> patch level 1
L3 programming layer <2024-02-20>
(/app/texlive/texmf-dist/tex/latex/base/book.cls
Document Class: book 2023/05/17 v1.4n Standard LaTeX document class
(/app/texlive/texmf-dist/tex/latex/base/bk10.clo
File: bk10.clo 2023/05/17 v1.4n Standard LaTeX file (size option)
)
\c@part=\count188
\c@chapter=\count189
\c@section=\count190
\c@subsection=\count191
\c@subsubsection=\count192
\c@paragraph=\count193
\c@subparagraph=\count194
\c@figure=\count195
\c@table=\count196
\abovecaptionskip=\skip48
\belowcaptionskip=\skip49
\bibindent=\dimen140
)
(/app/texlive/texmf-dist/tex/latex/hyperref/hyperref.sty
Package: hyperref 2024-01-20 v7.01h Hypertext links for LaTeX

(/app/texlive/texmf-dist/tex/generic/iftex/iftex.sty
Package: iftex 2022/02/03 v1.0f TeX engine tests
)
(/app/texlive/texmf-dist/tex/latex/graphics/keyval.sty
Package: keyval 2022/05/29 v1.15 key=value parser (DPC)
\KV@toks@=\toks17
)
(/app/texlive/texmf-dist/tex/latex/kvsetkeys/kvsetkeys.sty
Package: kvsetkeys 2022-10-05 v1.19 Key value parser (HO)
)
(/app/texlive/texmf-dist/tex/generic/kvdefinekeys/kvdefinekeys.sty
Package: kvdefinekeys 2019-12-19 v1.6 Define keys (HO)
)
(/app/texlive/texmf-dist/tex/generic/pdfescape/pdfescape.sty
Package: pdfescape 2019/12/09 v1.15 Implements pdfTeX's escape features (HO)

(/app/texlive/texmf-dist/tex/generic/ltxcmds/ltxcmds.sty
Package: ltxcmds 2023-12-04 v1.26 LaTeX kernel commands for general use (HO)
)
(/app/texlive/texmf-dist/tex/generic/pdftexcmds/pdftexcmds.sty
Package: pdftexcmds 2020-06-27 v0.33 Utility functions of pdfTeX for LuaTeX (HO
)

(/app/texlive/texmf-dist/tex/generic/infwarerr/infwarerr.sty
Package: infwarerr 2019/12/03 v1.5 Providing info/warning/error messages (HO)
)
Package pdftexcmds Info: \pdf@primitive is available.
Package pdftexcmds Info: \pdf@ifprimitive is available.
Package pdftexcmds Info: \pdfdraftmode found.
))
(/app/texlive/texmf-dist/tex/latex/hycolor/hycolor.sty
Package: hycolor 2020-01-27 v1.10 Color options for hyperref/bookmark (HO)
)
(/app/texlive/texmf-dist/tex/latex/auxhook/auxhook.sty
Package: auxhook 2019-12-17 v1.6 Hooks for auxiliary files (HO)
)
(/app/texlive/texmf-dist/tex/latex/hyperref/nameref.sty
Package: nameref 2023-11-26 v2.56 Cross-referencing by name of section

(/app/texlive/texmf-dist/tex/latex/refcount/refcount.sty
Package: refcount 2019/12/15 v3.6 Data extraction from label references (HO)
)
(/app/texlive/texmf-dist/tex/generic/gettitlestring/gettitlestring.sty
Package: gettitlestring 2019/12/15 v1.6 Cleanup title references (HO)

(/app/texlive/texmf-dist/tex/latex/kvoptions/kvoptions.sty
Package: kvoptions 2022-06-15 v3.15 Key value format for package options (HO)
))
\c@section@level=\count197
)
(/app/texlive/texmf-dist/tex/latex/etoolbox/etoolbox.sty
Package: etoolbox 2020/10/05 v2.5k e-TeX tools for LaTeX (JAW)
\etb@tempcnta=\count198
)
\@linkdim=\dimen141
\Hy@linkcounter=\count199
\Hy@pagecounter=\count266

(/app/texlive/texmf-dist/tex/latex/hyperref/pd1enc.def
File: pd1enc.def 2024-01-20 v7.01h Hyperref: PDFDocEncoding definition (HO)
Now handling font encoding PD1 ...
... no UTF-8 mapping file for font encoding PD1
)
(/app/texlive/texmf-dist/tex/generic/intcalc/intcalc.sty
Package: intcalc 2019/12/15 v1.3 Expandable calculations with integers (HO)
)
\Hy@SavedSpaceFactor=\count267

(/app/texlive/texmf-dist/tex/latex/hyperref/puenc.def
File: puenc.def 2024-01-20 v7.01h Hyperref: PDF Unicode definition (HO)
Now handling font encoding PU ...
... no UTF-8 mapping file for font encoding PU
)
Package hyperref Info: Hyper figures OFF on input line 4179.
Package hyperref Info: Link nesting OFF on input line 4184.
Package hyperref Info: Hyper index ON on input line 4187.
Package hyperref Info: Plain pages OFF on input line 4194.
Package hyperref Info: Backreferencing OFF on input line 4199.
Package hyperref Info: Implicit mode ON; LaTeX internals redefined.
Package hyperref Info: Bookmarks ON on input line 4446.
\c@Hy@tempcnt=\count268

(/app/texlive/texmf-dist/tex/latex/url/url.sty
\Urlmuskip=\muskip16
Package: url 2013/09/16  ver 3.4  Verb mode for urls, etc.
)
LaTeX Info: Redefining \url on input line 4784.
\XeTeXLinkMargin=\dimen142

(/app/texlive/texmf-dist/tex/generic/bitset/bitset.sty
Package: bitset 2019/12/09 v1.3 Handle bit-vector datatype (HO)

(/app/texlive/texmf-dist/tex/generic/bigintcalc/bigintcalc.sty
Package: bigintcalc 2019/12/15 v1.5 Expandable calculations on big integers (HO
)
))
\Fld@menulength=\count269
\Field@Width=\dimen143
\Fld@charsize=\dimen144
Package hyperref Info: Hyper figures OFF on input line 6063.
Package hyperref Info: Link nesting OFF on input line 6068.
Package hyperref Info: Hyper index ON on input line 6071.
Package hyperref Info: backreferencing OFF on input line 6078.
Package hyperref Info: Link coloring OFF on input line 6083.
Package hyperref Info: Link coloring with OCG OFF on input line 6088.
Package hyperref Info: PDF/A mode OFF on input line 6093.

(/app/texlive/texmf-dist/tex/latex/base/atbegshi-ltx.sty
Package: atbegshi-ltx 2021/01/10 v1.0c Emulation of the original atbegshi
package with kernel methods
)
\Hy@abspage=\count270
\c@Item=\count271
\c@Hfootnote=\count272
)
Package hyperref Info: Driver (autodetected): hpdftex.

(/app/texlive/texmf-dist/tex/latex/hyperref/hpdftex.def
File: hpdftex.def 2024-01-20 v7.01h Hyperref driver for pdfTeX

(/app/texlive/texmf-dist/tex/latex/base/atveryend-ltx.sty
Package: atveryend-ltx 2020/08/19 v1.0a Emulation of the original atveryend pac
kage
with kernel methods
)
\Fld@listcount=\count273
\c@bookmark@seq@number=\count274

(/app/texlive/texmf-dist/tex/latex/rerunfilecheck/rerunfilecheck.sty
Package: rerunfilecheck 2022-07-10 v1.10 Rerun checks for auxiliary files (HO)

(/app/texlive/texmf-dist/tex/generic/uniquecounter/uniquecounter.sty
Package: uniquecounter 2019/12/15 v1.4 Provide unlimited unique counter (HO)
)
Package uniquecounter Info: New unique counter `rerunfilecheck' on input line 2
85.
)
\Hy@SectionHShift=\skip50
)
(./titlepic.sty
Package: titlepic 2009/08/03 1.1 Package to display a picture on the title page

) (/app/texlive/texmf-dist/tex/latex/titlesec/titlesec.sty
Package: titlesec 2023/10/27 v2.16 Sectioning titles
\ttl@box=\box51
\beforetitleunit=\skip51
\aftertitleunit=\skip52
\ttl@plus=\dimen145
\ttl@minus=\dimen146
\ttl@toksa=\toks18
\titlewidth=\dimen147
\titlewidthlast=\dimen148
\titlewidthfirst=\dimen149
)
(/app/texlive/texmf-dist/tex/latex/graphics/graphicx.sty
Package: graphicx 2021/09/16 v1.2d Enhanced LaTeX Graphics (DPC,SPQR)

(/app/texlive/texmf-dist/tex/latex/graphics/graphics.sty
Package: graphics 2022/03/10 v1.4e Standard LaTeX Graphics (DPC,SPQR)

(/app/texlive/texmf-dist/tex/latex/graphics/trig.sty
Package: trig 2021/08/11 v1.11 sin cos tan (DPC)
)
(/app/texlive/texmf-dist/tex/latex/graphics-cfg/graphics.cfg
File: graphics.cfg 2016/06/04 v1.11 sample graphics configuration
)
Package graphics Info: Driver file: pdftex.def on input line 107.

(/app/texlive/texmf-dist/tex/latex/graphics-def/pdftex.def
File: pdftex.def 2022/09/22 v1.2b Graphics/color driver for pdftex
))
\Gin@req@height=\dimen150
\Gin@req@width=\dimen151
)
(/app/texlive/texmf-dist/tex/latex/caption/caption.sty
Package: caption 2023/08/05 v3.6o Customizing captions (AR)

(/app/texlive/texmf-dist/tex/latex/caption/caption3.sty
Package: caption3 2023/07/31 v2.4d caption3 kernel (AR)
\caption@tempdima=\dimen152
\captionmargin=\dimen153
\caption@leftmargin=\dimen154
\caption@rightmargin=\dimen155
\caption@width=\dimen156
\caption@indent=\dimen157
\caption@parindent=\dimen158
\caption@hangindent=\dimen159
Package caption Info: Standard document class detected.
)
\c@caption@flags=\count275
\c@continuedfloat=\count276
Package caption Info: hyperref package is loaded.
)
(/app/texlive/texmf-dist/tex/latex/caption/subcaption.sty
Package: subcaption 2023/07/28 v1.6b Sub-captions (AR)
Package caption Info: New subtype `subfigure' on input line 238.
\c@subfigure=\count277
Package caption Info: New subtype `subtable' on input line 238.
\c@subtable=\count278
)
(/app/texlive/texmf-dist/tex/latex/base/alltt.sty
Package: alltt 2021/01/29 v2.0g defines alltt environment
)
(/app/texlive/texmf-dist/tex/latex/fancyhdr/fancyhdr.sty
Package: fancyhdr 2022/11/09 v4.1 Extensive control of page headers and footers

\f@nch@headwidth=\skip53
\f@nch@O@elh=\skip54
\f@nch@O@erh=\skip55
\f@nch@O@olh=\skip56
\f@nch@O@orh=\skip57
\f@nch@O@elf=\skip58
\f@nch@O@erf=\skip59
\f@nch@O@olf=\skip60
\f@nch@O@orf=\skip61
)
(/app/texlive/texmf-dist/tex/latex/graphics/color.sty
Package: color 2022/01/06 v1.3d Standard LaTeX Color (DPC)

(/app/texlive/texmf-dist/tex/latex/graphics-cfg/color.cfg
File: color.cfg 2016/01/02 v1.6 sample color configuration
)
Package color Info: Driver file: pdftex.def on input line 149.

(/app/texlive/texmf-dist/tex/latex/graphics/mathcolor.ltx))
(/app/texlive/texmf-dist/tex/latex/tools/enumerate.sty
Package: enumerate 2023/07/04 v3.00 enumerate extensions (DPC)
\@enLab=\toks19
)
(/app/texlive/texmf-dist/tex/latex/listings/listings.sty
\lst@mode=\count279
\lst@gtempboxa=\box52
\lst@token=\toks20
\lst@length=\count280
\lst@currlwidth=\dimen160
\lst@column=\count281
\lst@pos=\count282
\lst@lostspace=\dimen161
\lst@width=\dimen162
\lst@newlines=\count283
\lst@lineno=\count284
\lst@maxwidth=\dimen163

(/app/texlive/texmf-dist/tex/latex/listings/lstpatch.sty
File: lstpatch.sty 2024/02/21 1.10 (Carsten Heinz)
)
(/app/texlive/texmf-dist/tex/latex/listings/lstmisc.sty
File: lstmisc.sty 2024/02/21 1.10 (Carsten Heinz)
\c@lstnumber=\count285
\lst@skipnumbers=\count286
\lst@framebox=\box53
)
(/app/texlive/texmf-dist/tex/latex/listings/listings.cfg
File: listings.cfg 2024/02/21 1.10 listings configuration
))
Package: listings 2024/02/21 1.10 (Carsten Heinz)

(/app/texlive/texmf-dist/tex/latex/l3backend/l3backend-pdftex.def
File: l3backend-pdftex.def 2024-02-20 L3 backend support: PDF output (pdfTeX)
\l__color_backend_stack_int=\count287
\l__pdf_internal_box=\box54
)
(./exercises.aux)
\openout1 = `exercises.aux'.

LaTeX Font Info:    Checking defaults for OML/cmm/m/it on input line 28.
LaTeX Font Info:    ... okay on input line 28.
LaTeX Font Info:    Checking defaults for OMS/cmsy/m/n on input line 28.
LaTeX Font Info:    ... okay on input line 28.
LaTeX Font Info:    Checking defaults for OT1/cmr/m/n on input line 28.
LaTeX Font Info:    ... okay on input line 28.
LaTeX Font Info:    Checking defaults for T1/cmr/m/n on input line 28.
LaTeX Font Info:    ... okay on input line 28.
LaTeX Font Info:    Checking defaults for TS1/cmr/m/n on input line 28.
LaTeX Font Info:    ... okay on input line 28.
LaTeX Font Info:    Checking defaults for OMX/cmex/m/n on input line 28.
LaTeX Font Info:    ... okay on input line 28.
LaTeX Font Info:    Checking defaults for U/cmr/m/n on input line 28.
LaTeX Font Info:    ... okay on input line 28.
LaTeX Font Info:    Checking defaults for PD1/pdf/m/n on input line 28.
LaTeX Font Info:    ... okay on input line 28.
LaTeX Font Info:    Checking defaults for PU/pdf/m/n on input line 28.
LaTeX Font Info:    ... okay on input line 28.
Package hyperref Info: Link coloring OFF on input line 28.
 (./exercises.out) (./exercises.out)
\@outlinefile=\write3
\openout3 = `exercises.out'.


(/app/texlive/texmf-dist/tex/context/base/mkii/supp-pdf.mkii
[Loading MPS to PDF converter (version 2006.09.02).]
\scratchcounter=\count288
\scratchdimen=\dimen164
\scratchbox=\box55
\nofMPsegments=\count289
\nofMParguments=\count290
\everyMPshowfont=\toks21
\MPscratchCnt=\count291
\MPscratchDim=\dimen165
\MPnumerator=\count292
\makeMPintoPDFobject=\count293
\everyMPtoPDFconversion=\toks22
) (/app/texlive/texmf-dist/tex/latex/epstopdf-pkg/epstopdf-base.sty
Package: epstopdf-base 2020-01-24 v2.11 Base part for package epstopdf
Package epstopdf-base Info: Redefining graphics rule for `.eps' on input line 4
85.

(/app/texlive/texmf-dist/tex/latex/latexconfig/epstopdf-sys.cfg
File: epstopdf-sys.cfg 2010/07/13 v1.3 Configuration of (r)epstopdf for TeX Liv
e
))
Package caption Info: Begin \AtBeginDocument code.
Package caption Info: listings package is loaded.
Package caption Info: End \AtBeginDocument code.
\c@lstlisting=\count294
LaTeX Font Info:    External font `cmex10' loaded for size
(Font)              <12> on input line 38.
LaTeX Font Info:    External font `cmex10' loaded for size
(Font)              <8> on input line 38.
LaTeX Font Info:    External font `cmex10' loaded for size
(Font)              <6> on input line 38.
<./pics/title.png, id=60, 854.19125pt x 277.035pt>
File: ./pics/title.png Graphic file (type png)
<use ./pics/title.png>
Package pdftex.def Info: ./pics/title.png  used on input line 38.
(pdftex.def)             Requested size: 341.43306pt x 110.7317pt.
 [1


{/app/texlive/texmf-dist/fonts/map/pdftex/updmap/pdftex.map} <./pics/title.png>
]
<./pics/mri2.png, id=70, 82.6287pt x 82.6287pt>
File: ./pics/mri2.png Graphic file (type png)
<use ./pics/mri2.png>
Package pdftex.def Info: ./pics/mri2.png  used on input line 39.
(pdftex.def)             Requested size: 38.3034pt x 38.30301pt.
 [2

 <./pics/mri2.png>] (./exercises.toc
LaTeX Font Info:    External font `cmex10' loaded for size
(Font)              <7> on input line 2.
LaTeX Font Info:    External font `cmex10' loaded for size
(Font)              <5> on input line 2.
)
\tf@toc=\write4
\openout4 = `exercises.toc'.

 [3]
File: ./pics/mri2.png Graphic file (type png)
<use ./pics/mri2.png>
Package pdftex.def Info: ./pics/mri2.png  used on input line 40.
(pdftex.def)             Requested size: 38.3034pt x 38.30301pt.
 [4

] (./exercises.lof)
\tf@lof=\write5
\openout5 = `exercises.lof'.

 (./visualization.tex
[5]
File: ./pics/mri2.png Graphic file (type png)
<use ./pics/mri2.png>
Package pdftex.def Info: ./pics/mri2.png  used on input line 1.
(pdftex.def)             Requested size: 38.3034pt x 38.30301pt.
 [6

]
Chapter 1.

Overfull \hbox (31.04558pt too wide) in paragraph at lines 9--10
\OT1/cmr/m/n/10 start FIJI. In na-pari close the \OT1/cmtt/m/n/10 Connection \O
T1/cmr/m/n/10 panel. Open the im-age \OT1/cmtt/m/n/10 Spheroid-3D.tif\OT1/cmr/m
/n/10 [[]]
 []

<./pics/spheroid3d.png, id=135, 674.52pt x 716.6775pt>
File: ./pics/spheroid3d.png Graphic file (type png)
<use ./pics/spheroid3d.png>
Package pdftex.def Info: ./pics/spheroid3d.png  used on input line 15.
(pdftex.def)             Requested size: 137.9979pt x 146.61363pt.

LaTeX Warning: `!h' float specifier changed to `!ht'.

[7]
Overfull \hbox (5.12946pt too wide) in paragraph at lines 49--50
\OT1/cmr/m/n/10 be prefer-able. You can switch be-tween these two op-tions us-i
ng the \OT1/cmtt/m/n/10 ctrl+shift+t\OT1/cmr/m/n/10 -
 []

<./pics/drosophilaEggChamber.png, id=148, 781.92125pt x 658.46pt>
File: ./pics/drosophilaEggChamber.png Graphic file (type png)
<use ./pics/drosophilaEggChamber.png>
Package pdftex.def Info: ./pics/drosophilaEggChamber.png  used on input line 56
.
(pdftex.def)             Requested size: 137.9979pt x 116.2068pt.
<./pics/drosophilaEggChamber2.png, id=149, 851.18pt x 487.8225pt>
File: ./pics/drosophilaEggChamber2.png Graphic file (type png)
<use ./pics/drosophilaEggChamber2.png>
Package pdftex.def Info: ./pics/drosophilaEggChamber2.png  used on input line 6
1.
(pdftex.def)             Requested size: 137.9979pt x 79.08784pt.

LaTeX Warning: `!h' float specifier changed to `!ht'.

File: ./pics/mri2.png Graphic file (type png)
<use ./pics/mri2.png>
Package pdftex.def Info: ./pics/mri2.png  used on input line 73.
(pdftex.def)             Requested size: 38.3034pt x 38.30301pt.
[8 <./pics/spheroid3d.png (PNG copy)>]
<./pics/DrosophilaEggChamberOrtho.png, id=155, 1007.765pt x 630.355pt>
File: ./pics/DrosophilaEggChamberOrtho.png Graphic file (type png)
<use ./pics/DrosophilaEggChamberOrtho.png>
Package pdftex.def Info: ./pics/DrosophilaEggChamberOrtho.png  used on input li
ne 84.
(pdftex.def)             Requested size: 137.9979pt x 86.31578pt.

Underfull \hbox (badness 1127) in paragraph at lines 85--85
[]\OT1/cmr/m/n/9 (a) |Three ortho-slices over-layed
 []

<./pics/DrosophilaEggChamberOblique.png, id=156, 1009.7725pt x 631.35875pt>
File: ./pics/DrosophilaEggChamberOblique.png Graphic file (type png)
<use ./pics/DrosophilaEggChamberOblique.png>
Package pdftex.def Info: ./pics/DrosophilaEggChamberOblique.png  used on input 
line 89.
(pdftex.def)             Requested size: 137.9979pt x 86.27983pt.

Underfull \hbox (badness 5050) in paragraph at lines 90--90
[]\OT1/cmr/m/n/9 (b) |An ortho-silce in oblique
 []


LaTeX Warning: `!h' float specifier changed to `!ht'.

File: ./pics/mri2.png Graphic file (type png)
<use ./pics/mri2.png>
Package pdftex.def Info: ./pics/mri2.png  used on input line 102.
(pdftex.def)             Requested size: 38.3034pt x 38.30301pt.
[9 <./pics/drosophilaEggChamber.png (PNG copy)> <./pics/DrosophilaEggChamber2.p
ng (PNG copy)>]
<./pics/DrosophilaEggChamberMosaic.png, id=162, 1334.9875pt x 761.84625pt>
File: ./pics/DrosophilaEggChamberMosaic.png Graphic file (type png)
<use ./pics/DrosophilaEggChamberMosaic.png>
Package pdftex.def Info: ./pics/DrosophilaEggChamberMosaic.png  used on input l
ine 105.
(pdftex.def)             Requested size: 276.00105pt x 157.50471pt.
) (./reconstruction.tex
File: ./pics/mri2.png Graphic file (type png)
<use ./pics/mri2.png>
Package pdftex.def Info: ./pics/mri2.png  used on input line 1.
(pdftex.def)             Requested size: 38.3034pt x 38.30301pt.
 [10 <./pics/DrosophilaEggChamberOrtho.png (PNG copy)> <./pics/DrosophilaEggCha
mberOblique.png (PNG copy)> <./pics/DrosophilaEggChamberMosaic.png (PNG copy)>]

Chapter 2.

Overfull \hbox (7.09622pt too wide) in paragraph at lines 5--5
|[]\OT1/cmr/bx/n/14.4 Alignment of Se-quen-tial His-to-log-i-cal Sec-tions| 
 []

<./pics/ratbrains.png, id=169, 911.405pt x 930.47626pt>
File: ./pics/ratbrains.png Graphic file (type png)
<use ./pics/ratbrains.png>
Package pdftex.def Info: ./pics/ratbrains.png  used on input line 21.
(pdftex.def)             Requested size: 276.00105pt x 281.77164pt.

LaTeX Warning: `!h' float specifier changed to `!ht'.


Underfull \vbox (badness 4531) has occurred while \output is active []

 [11

]
<./pics/driftCorrected.png, id=177, 549.05125pt x 471.7625pt>
File: ./pics/driftCorrected.png Graphic file (type png)
<use ./pics/driftCorrected.png>
Package pdftex.def Info: ./pics/driftCorrected.png  used on input line 32.
(pdftex.def)             Requested size: 137.9979pt x 118.56659pt.


LaTeX Warning: `!h' float specifier changed to `!ht'.

File: ./pics/mri2.png Graphic file (type png)
<use ./pics/mri2.png>
Package pdftex.def Info: ./pics/mri2.png  used on input line 42.
(pdftex.def)             Requested size: 38.3034pt x 38.30301pt.
[12 <./pics/ratbrains.png (PNG copy)>]
<./pics/filopodiaCA.png, id=189, 1036.87375pt x 820.06375pt>
File: ./pics/filopodiaCA.png Graphic file (type png)
<use ./pics/filopodiaCA.png>
Package pdftex.def Info: ./pics/filopodiaCA.png  used on input line 48.
(pdftex.def)             Requested size: 137.9979pt x 109.13968pt.
<./pics/filopodiaCACorrected.png, id=190, 1036.87375pt x 820.06375pt>
File: ./pics/filopodiaCACorrected.png Graphic file (type png)
<use ./pics/filopodiaCACorrected.png>
Package pdftex.def Info: ./pics/filopodiaCACorrected.png  used on input line 53
.
(pdftex.def)             Requested size: 137.9979pt x 109.13968pt.
<./pics/drosophilaLarvaStacks.png, id=191, 531.9875pt x 995.72pt>
File: ./pics/drosophilaLarvaStacks.png Graphic file (type png)
<use ./pics/drosophilaLarvaStacks.png>
Package pdftex.def Info: ./pics/drosophilaLarvaStacks.png  used on input line 6
5.
(pdftex.def)             Requested size: 207.0021pt x 387.43283pt.


LaTeX Warning: `!h' float specifier changed to `!ht'.

File: ./pics/mri2.png Graphic file (type png)
<use ./pics/mri2.png>
Package pdftex.def Info: ./pics/mri2.png  used on input line 71.
(pdftex.def)             Requested size: 38.3034pt x 38.30301pt.
[13 <./pics/driftCorrected.png (PNG copy)> <./pics/filopodiaCA.png (PNG copy)> 
<./pics/filopodiaCACorrected.png (PNG copy)>]
File: ./pics/mri2.png Graphic file (type png)
<use ./pics/mri2.png>
Package pdftex.def Info: ./pics/mri2.png  used on input line 75.
(pdftex.def)             Requested size: 38.3034pt x 38.30301pt.
 [14 <./pics/drosophilaLarvaStacks.png (PNG copy)>]
<./pics/drosophilaLarva.png, id=204, 659.46375pt x 650.43pt>
File: ./pics/drosophilaLarva.png Graphic file (type png)
<use ./pics/drosophilaLarva.png>
Package pdftex.def Info: ./pics/drosophilaLarva.png  used on input line 80.
(pdftex.def)             Requested size: 207.0021pt x 204.16202pt.
) (./preprocessing.tex
File: ./pics/mri2.png Graphic file (type png)
<use ./pics/mri2.png>
Package pdftex.def Info: ./pics/mri2.png  used on input line 1.
(pdftex.def)             Requested size: 38.3034pt x 38.30301pt.
 [15 <./pics/drosophilaLarva.png (PNG copy)>]
File: ./pics/mri2.png Graphic file (type png)
<use ./pics/mri2.png>
Package pdftex.def Info: ./pics/mri2.png  used on input line 1.
(pdftex.def)             Requested size: 38.3034pt x 38.30301pt.
 [16

]
Chapter 3.
<./pics/dubFiltered.png, id=214, 1450.41875pt x 649.42625pt>
File: ./pics/dubFiltered.png Graphic file (type png)
<use ./pics/dubFiltered.png>
Package pdftex.def Info: ./pics/dubFiltered.png  used on input line 17.
(pdftex.def)             Requested size: 276.00105pt x 123.57063pt.

LaTeX Warning: `!h' float specifier changed to `!ht'.

) (./exercises.bbl [17]
File: ./pics/mri2.png Graphic file (type png)
<use ./pics/mri2.png>
Package pdftex.def Info: ./pics/mri2.png  used on input line 1.
(pdftex.def)             Requested size: 38.3034pt x 38.30301pt.
 [18 <./pics/dubFiltered.png (PNG copy)>]
Underfull \hbox (badness 1028) in paragraph at lines 43--49
[]\OT1/cmr/m/n/10 Johannes Schin-delin, Ig-na-cio Arganda-Carreras, Er-win Fris
e, Ver-ena
 []

[19

])
File: ./pics/mri2.png Graphic file (type png)
<use ./pics/mri2.png>
Package pdftex.def Info: ./pics/mri2.png  used on input line 46.
(pdftex.def)             Requested size: 38.3034pt x 38.30301pt.
 [20] (./exercises.aux)
 ***********
LaTeX2e <2023-11-01> patch level 1
L3 programming layer <2024-02-20>
 ***********
Package rerunfilecheck Info: File `exercises.out' has not changed.
(rerunfilecheck)             Checksum: DFD82DE9C012B4D799F508857CD51710;2470.
 ) 
Here is how much of TeX's memory you used:
 12095 strings out of 474116
 193351 string characters out of 5745187
 1935187 words of memory out of 5000000
 34262 multiletter control sequences out of 15000+600000
 564395 words of font info for 57 fonts, out of 8000000 for 9000
 1141 hyphenation exceptions out of 8191
 75i,16n,79p,882b,560s stack positions out of 10000i,1000n,20000p,200000b,200000s
</app/texlive/texmf-dist/fonts/type1/public/amsfonts/cm/cmbx10.pfb></app/texl
ive/texmf-dist/fonts/type1/public/amsfonts/cm/cmbx12.pfb></app/texlive/texmf-di
st/fonts/type1/public/amsfonts/cm/cmr10.pfb></app/texlive/texmf-dist/fonts/type
1/public/amsfonts/cm/cmr12.pfb></app/texlive/texmf-dist/fonts/type1/public/amsf
onts/cm/cmr17.pfb></app/texlive/texmf-dist/fonts/type1/public/amsfonts/cm/cmr9.
pfb></app/texlive/texmf-dist/fonts/type1/public/amsfonts/cm/cmsl10.pfb></app/te
xlive/texmf-dist/fonts/type1/public/amsfonts/cm/cmti10.pfb></app/texlive/texmf-
dist/fonts/type1/public/amsfonts/cm/cmtt10.pfb>
Output written on exercises.pdf (20 pages, 9550757 bytes).
PDF statistics:
 290 PDF objects out of 1000 (max. 8388607)
 230 compressed objects within 3 object streams
 60 named destinations out of 1000 (max. 500000)
 188 words of extra memory for PDF output out of 10000 (max. 10000000)

